18:49:30 **** Incremental Build of configuration Debug for project UART_Tx_Polling ****
make -j16 all 
arm-none-eabi-gcc "../Src/main.c" -mcpu=cortex-m4 -std=gnu11 -g3 -DUSE_HAL_DRIVER -DSTM32F401xE -c -I../Inc -I"C:/Users/kisha/OneDrive/Desktop/KISHAN/Firmware Dev/STM32 HAL APIs Drivers/UART_Tx_Polling/Drivers/CMSIS/Include" -I"C:/Users/kisha/OneDrive/Desktop/KISHAN/Firmware Dev/STM32 HAL APIs Drivers/UART_Tx_Polling/Drivers/CMSIS/Device/ST/STM32F4xx/Include" -I"C:/Users/kisha/OneDrive/Desktop/KISHAN/Firmware Dev/STM32 HAL APIs Drivers/UART_Tx_Polling/Drivers/STM32F4xx_HAL_Driver/Inc" -O0 -ffunction-sections -fdata-sections -Wall -fstack-usage -fcyclomatic-complexity -MMD -MP -MF"Src/main.d" -MT"Src/main.o" --specs=nano.specs -mfpu=fpv4-sp-d16 -mfloat-abi=hard -mthumb -o "Src/main.o"
arm-none-eabi-gcc -o "UART_Tx_Polling.elf" @"objects.list"   -mcpu=cortex-m4 -T"C:\Users\kisha\OneDrive\Desktop\KISHAN\Firmware Dev\STM32 HAL APIs Drivers\UART_Tx_Polling\STM32F401RETX_FLASH.ld" --specs=nosys.specs -Wl,-Map="UART_Tx_Polling.map" -Wl,--gc-sections -static --specs=nano.specs -mfpu=fpv4-sp-d16 -mfloat-abi=hard -mthumb -Wl,--start-group -lc -lm -Wl,--end-group
Finished building target: UART_Tx_Polling.elf
 
arm-none-eabi-size  UART_Tx_Polling.elf 
arm-none-eabi-objdump -h -S UART_Tx_Polling.elf  > "UART_Tx_Polling.list"
   text	   data	    bss	    dec	    hex	filename
   6420	     40	   1632	   8092	   1f9c	UART_Tx_Polling.elf
Finished building: default.size.stdout
 
Finished building: UART_Tx_Polling.list
 

18:49:31 Build Finished. 0 errors, 0 warnings. (took 1s.62ms)

